<!DOCTYPE html><html lang=en><head><title>Jade</title></head><body><h1>Hello World!</h1><p>This is a test.</p></body></html>