<!DOCTYPE html>
<html>
  <body>
<h1>Page 1</h1>
<article>This is page 1!
</article></body>
</html>