<!DOCTYPE html>
<html>
  <body>
<h1>Page 2</h1>
<article>This is page 2!
</article></body>
</html>