<!DOCTYPE html><html lang="en"><head><title>Hello World</title></head><body><h1 id="hello-world">Hello World</h1>
<p>This is index.md.</p>
</body></html>