<!DOCTYPE html>
<html lang="en">
  <head>
    <title>Jade</title>
    <script type="text/javascript">
      if (foo) {
         bar(1 + 5)
      }
    </script>
  </head>
  <body><h1>Hello World!</h1>

<p>This is a test.</p>
</body>
</html>