<!DOCTYPE html>
<html lang="en">
  <head>
    <title>This is the parent</title>
  </head>
  <body><div class="contents-wrapper"><div class="contents">
<h1>Hello World!</h1>

<p>This is a test.</p>
</div></div></body>
</html>