<!DOCTYPE html>
<html>
  <body>This is my site using Jade!
</body>
</html>