<!DOCTYPE html>
<html>
  <body>This is my site using Nunjucks!
</body>
</html>
